/home/adham/Control_project/Control_Project-main/install/bicycle_control/lib/python3.10/site-packages/bicycle_control/mpc.py
/home/adham/Control_project/Control_Project-main/install/bicycle_control/lib/python3.10/site-packages/bicycle_control/lateral_pid.py
/home/adham/Control_project/Control_Project-main/install/bicycle_control/lib/python3.10/site-packages/bicycle_control/controller_node.py
/home/adham/Control_project/Control_Project-main/install/bicycle_control/lib/python3.10/site-packages/bicycle_control/__init__.py
/home/adham/Control_project/Control_Project-main/install/bicycle_control/lib/python3.10/site-packages/bicycle_control/velocity_profiler.py
/home/adham/Control_project/Control_Project-main/install/bicycle_control/lib/python3.10/site-packages/bicycle_control/longitudinal_pid.py
/home/adham/Control_project/Control_Project-main/install/bicycle_control/lib/python3.10/site-packages/bicycle_control/pure_pursuit.py
/home/adham/Control_project/Control_Project-main/install/bicycle_control/lib/python3.10/site-packages/bicycle_control/teleop_bridge.py
/home/adham/Control_project/Control_Project-main/install/bicycle_control/lib/python3.10/site-packages/bicycle_control/__pycache__/mpc.cpython-310.pyc
/home/adham/Control_project/Control_Project-main/install/bicycle_control/lib/python3.10/site-packages/bicycle_control/__pycache__/lateral_pid.cpython-310.pyc
/home/adham/Control_project/Control_Project-main/install/bicycle_control/lib/python3.10/site-packages/bicycle_control/__pycache__/controller_node.cpython-310.pyc
/home/adham/Control_project/Control_Project-main/install/bicycle_control/lib/python3.10/site-packages/bicycle_control/__pycache__/__init__.cpython-310.pyc
/home/adham/Control_project/Control_Project-main/install/bicycle_control/lib/python3.10/site-packages/bicycle_control/__pycache__/velocity_profiler.cpython-310.pyc
/home/adham/Control_project/Control_Project-main/install/bicycle_control/lib/python3.10/site-packages/bicycle_control/__pycache__/longitudinal_pid.cpython-310.pyc
/home/adham/Control_project/Control_Project-main/install/bicycle_control/lib/python3.10/site-packages/bicycle_control/__pycache__/pure_pursuit.cpython-310.pyc
/home/adham/Control_project/Control_Project-main/install/bicycle_control/lib/python3.10/site-packages/bicycle_control/__pycache__/teleop_bridge.cpython-310.pyc
/home/adham/Control_project/Control_Project-main/install/bicycle_control/share/ament_index/resource_index/packages/bicycle_control
/home/adham/Control_project/Control_Project-main/install/bicycle_control/share/bicycle_control/package.xml
/home/adham/Control_project/Control_Project-main/install/bicycle_control/lib/python3.10/site-packages/bicycle_control-0.1.0-py3.10.egg-info/PKG-INFO
/home/adham/Control_project/Control_Project-main/install/bicycle_control/lib/python3.10/site-packages/bicycle_control-0.1.0-py3.10.egg-info/top_level.txt
/home/adham/Control_project/Control_Project-main/install/bicycle_control/lib/python3.10/site-packages/bicycle_control-0.1.0-py3.10.egg-info/requires.txt
/home/adham/Control_project/Control_Project-main/install/bicycle_control/lib/python3.10/site-packages/bicycle_control-0.1.0-py3.10.egg-info/dependency_links.txt
/home/adham/Control_project/Control_Project-main/install/bicycle_control/lib/python3.10/site-packages/bicycle_control-0.1.0-py3.10.egg-info/entry_points.txt
/home/adham/Control_project/Control_Project-main/install/bicycle_control/lib/python3.10/site-packages/bicycle_control-0.1.0-py3.10.egg-info/zip-safe
/home/adham/Control_project/Control_Project-main/install/bicycle_control/lib/python3.10/site-packages/bicycle_control-0.1.0-py3.10.egg-info/SOURCES.txt
/home/adham/Control_project/Control_Project-main/install/bicycle_control/lib/bicycle_control/controller
/home/adham/Control_project/Control_Project-main/install/bicycle_control/lib/bicycle_control/teleop_bridge
