/home/adham/Control_project/Control_Project-main/install/track_environment/lib/python3.10/site-packages/track_environment/__init__.py
/home/adham/Control_project/Control_Project-main/install/track_environment/lib/python3.10/site-packages/track_environment/track.py
/home/adham/Control_project/Control_Project-main/install/track_environment/lib/python3.10/site-packages/track_environment/lap_analyzer.py
/home/adham/Control_project/Control_Project-main/install/track_environment/lib/python3.10/site-packages/track_environment/path_gen.py
/home/adham/Control_project/Control_Project-main/install/track_environment/lib/python3.10/site-packages/track_environment/__pycache__/__init__.cpython-310.pyc
/home/adham/Control_project/Control_Project-main/install/track_environment/lib/python3.10/site-packages/track_environment/__pycache__/track.cpython-310.pyc
/home/adham/Control_project/Control_Project-main/install/track_environment/lib/python3.10/site-packages/track_environment/__pycache__/lap_analyzer.cpython-310.pyc
/home/adham/Control_project/Control_Project-main/install/track_environment/lib/python3.10/site-packages/track_environment/__pycache__/path_gen.cpython-310.pyc
/home/adham/Control_project/Control_Project-main/install/track_environment/share/ament_index/resource_index/packages/track_environment
/home/adham/Control_project/Control_Project-main/install/track_environment/share/track_environment/package.xml
/home/adham/Control_project/Control_Project-main/install/track_environment/share/track_environment/tracks/centerline_0.csv
/home/adham/Control_project/Control_Project-main/install/track_environment/share/track_environment/tracks/random_track0.csv
/home/adham/Control_project/Control_Project-main/install/track_environment/lib/python3.10/site-packages/track_environment-0.1.0-py3.10.egg-info/PKG-INFO
/home/adham/Control_project/Control_Project-main/install/track_environment/lib/python3.10/site-packages/track_environment-0.1.0-py3.10.egg-info/top_level.txt
/home/adham/Control_project/Control_Project-main/install/track_environment/lib/python3.10/site-packages/track_environment-0.1.0-py3.10.egg-info/requires.txt
/home/adham/Control_project/Control_Project-main/install/track_environment/lib/python3.10/site-packages/track_environment-0.1.0-py3.10.egg-info/dependency_links.txt
/home/adham/Control_project/Control_Project-main/install/track_environment/lib/python3.10/site-packages/track_environment-0.1.0-py3.10.egg-info/entry_points.txt
/home/adham/Control_project/Control_Project-main/install/track_environment/lib/python3.10/site-packages/track_environment-0.1.0-py3.10.egg-info/zip-safe
/home/adham/Control_project/Control_Project-main/install/track_environment/lib/python3.10/site-packages/track_environment-0.1.0-py3.10.egg-info/SOURCES.txt
/home/adham/Control_project/Control_Project-main/install/track_environment/lib/track_environment/lap_analyzer
/home/adham/Control_project/Control_Project-main/install/track_environment/lib/track_environment/path_gen
